// Jest Snapshot v1, https://goo.gl/fbAQLP

exports[`Layout Component renders Child component 1`] = `
<View
  accessibilityIgnoresInvertColors={true}
  style={
    {
      "alignItems": "center",
      "backgroundColor": "#000",
      "flex": 1,
      "justifyContent": "center",
    }
  }
>
  <Image
    defaultSource={1}
    source={1}
    style={
      [
        {
          "bottom": 0,
          "left": 0,
          "position": "absolute",
          "right": 0,
          "top": 0,
        },
        {
          "height": undefined,
          "width": undefined,
        },
        {
          "height": "100%",
          "opacity": 0.5,
          "position": "absolute",
          "resizeMode": "cover",
          "width": "100%",
        },
      ]
    }
  />
  <RCTSafeAreaView
    style={
      {
        "flex": 1,
        "marginVertical": 0,
        "paddingHorizontal": 10,
        "width": "100%",
      }
    }
  >
    <Text>
      Hello World!
    </Text>
  </RCTSafeAreaView>
</View>
`;
